> print(alphav1)

 Krippendorff's alpha 

 alpha coders units   level
 0.845      2    26 nominal

 Bootstrapped alpha
 Alpha Std. Error 2.5 % 97.5 % Boot. technique Bootstraps
 0.845      0.104 0.614      1    Krippendorff      20000
 0.841      0.104 0.618      1   nonparametric       1000

 P(alpha > alpha_min):
 alpha_min krippendorff nonparametric
      0.90        0.391         0.379
      0.80        0.676         0.673
      0.70        0.866         0.863
      0.67        0.957         0.947
      0.60        0.988         0.981
      0.50        0.997         0.996
> print(alphav2)

 Krippendorff's alpha 

 alpha coders units   level
 0.787      2    26 nominal

 Bootstrapped alpha
 Alpha Std. Error 2.5 % 97.5 % Boot. technique Bootstraps
 0.789      0.144 0.469      1    Krippendorff      20000
 0.775      0.160 0.420      1   nonparametric       1000

 P(alpha > alpha_min):
 alpha_min krippendorff nonparametric
      0.90        0.127         0.196
      0.80        0.397         0.490
      0.70        0.682         0.725
      0.67        0.865         0.756
      0.60        0.865         0.877
      0.50        0.956         0.939
> print(alphav3)

 Krippendorff's alpha 

 alpha coders units   level
     1      2    26 nominal

 Bootstrapped alpha
 Alpha Std. Error 2.5 % 97.5 % Boot. technique Bootstraps
     1          0     1      1    Krippendorff      20000
     1          0     1      1   nonparametric       1000

 P(alpha > alpha_min):
 alpha_min krippendorff nonparametric
      0.90            1             1
      0.80            1             1
      0.70            1             1
      0.67            1             1
      0.60            1             1
      0.50            1             1
> print(alphav4)

 Krippendorff's alpha 

 alpha coders units   level
     1      2    26 nominal

 Bootstrapped alpha
 Alpha Std. Error 2.5 % 97.5 % Boot. technique Bootstraps
    NA         NA    NA     NA    Krippendorff      20000
     1          0     1      1   nonparametric       1000

 P(alpha > alpha_min):
 alpha_min krippendorff nonparametric
      0.90           NA             1
      0.80           NA             1
      0.70           NA             1
      0.67           NA             1
      0.60           NA             1
      0.50           NA             1
> print(alphav5)

 Krippendorff's alpha 

 alpha coders units   level
     1      2    26 nominal

 Bootstrapped alpha
 Alpha Std. Error 2.5 % 97.5 % Boot. technique Bootstraps
    NA         NA    NA     NA    Krippendorff      20000
     1          0     1      1   nonparametric       1000

 P(alpha > alpha_min):
 alpha_min krippendorff nonparametric
      0.90           NA             1
      0.80           NA             1
      0.70           NA             1
      0.67           NA             1
      0.60           NA             1
      0.50           NA             1
> print(alphav6)

 Krippendorff's alpha 

 alpha coders units   level
 0.838      2    26 nominal

 Bootstrapped alpha
 Alpha Std. Error 2.5 % 97.5 % Boot. technique Bootstraps
 0.838      0.160 0.514      1    Krippendorff      20000
 0.806      0.209 0.186      1   nonparametric       1000

 P(alpha > alpha_min):
 alpha_min krippendorff nonparametric
      0.90        0.365         0.341
      0.80        0.735         0.569
      0.70        0.735         0.772
      0.67        0.921         0.774
      0.60        0.921         0.906
      0.50        0.984         0.928
> print(alphav7)

 Krippendorff's alpha 

 alpha coders units   level
     1      2    26 nominal

 Bootstrapped alpha
 Alpha Std. Error 2.5 % 97.5 % Boot. technique Bootstraps
     1          0     1      1    Krippendorff      20000
     1          0     1      1   nonparametric       1000

 P(alpha > alpha_min):
 alpha_min krippendorff nonparametric
      0.90            1             1
      0.80            1             1
      0.70            1             1
      0.67            1             1
      0.60            1             1
      0.50            1             1
> print(alphav8)

 Krippendorff's alpha 

 alpha coders units   level
 0.908      2    26 nominal

 Bootstrapped alpha
 Alpha Std. Error 2.5 % 97.5 % Boot. technique Bootstraps
 0.907       0.09 0.724      1    Krippendorff      20000
 0.902       0.10 0.661      1   nonparametric       1000

 P(alpha > alpha_min):
 alpha_min krippendorff nonparametric
      0.90        0.733         0.564
      0.80        0.921         0.855
      0.70        0.983         0.965
      0.67        0.983         0.972
      0.60        0.997         0.993
      0.50        1.000         0.997
> print(alphav9)

 Krippendorff's alpha 

 alpha coders units   level
     1      2    26 nominal

 Bootstrapped alpha
 Alpha Std. Error 2.5 % 97.5 % Boot. technique Bootstraps
     1          0     1      1    Krippendorff      20000
     1          0     1      1   nonparametric       1000

 P(alpha > alpha_min):
 alpha_min krippendorff nonparametric
      0.90            1             1
      0.80            1             1
      0.70            1             1
      0.67            1             1
      0.60            1             1
      0.50            1             1
> print(alphav10)

 Krippendorff's alpha 

 alpha coders units   level
     1      2    26 nominal

 Bootstrapped alpha
 Alpha Std. Error 2.5 % 97.5 % Boot. technique Bootstraps
     1          0     1      1    Krippendorff      20000
     1          0     1      1   nonparametric       1000

 P(alpha > alpha_min):
 alpha_min krippendorff nonparametric
      0.90            1             1
      0.80            1             1
      0.70            1             1
      0.67            1             1
      0.60            1             1
      0.50            1             1
> print(alphav11)

 Krippendorff's alpha 

 alpha coders units   level
     1      2    28 nominal

 Bootstrapped alpha
 Alpha Std. Error 2.5 % 97.5 % Boot. technique Bootstraps
    NA         NA    NA     NA    Krippendorff      20000
     1          0     1      1   nonparametric       1000

 P(alpha > alpha_min):
 alpha_min krippendorff nonparametric
      0.90           NA             1
      0.80           NA             1
      0.70           NA             1
      0.67           NA             1
      0.60           NA             1
      0.50           NA             1
> print(alphav12)

 Krippendorff's alpha 

 alpha coders units   level
     1      2    26 nominal

 Bootstrapped alpha
 Alpha Std. Error 2.5 % 97.5 % Boot. technique Bootstraps
     1          0     1      1    Krippendorff      20000
     1          0     1      1   nonparametric       1000

 P(alpha > alpha_min):
 alpha_min krippendorff nonparametric
      0.90            1             1
      0.80            1             1
      0.70            1             1
      0.67            1             1
      0.60            1             1
      0.50            1             1
> print(alphav13)

 Krippendorff's alpha 

 alpha coders units   level
     1      2    26 nominal

 Bootstrapped alpha
 Alpha Std. Error 2.5 % 97.5 % Boot. technique Bootstraps
    NA         NA    NA     NA    Krippendorff      20000
     1          0     1      1   nonparametric       1000

 P(alpha > alpha_min):
 alpha_min krippendorff nonparametric
      0.90           NA             1
      0.80           NA             1
      0.70           NA             1
      0.67           NA             1
      0.60           NA             1
      0.50           NA             1
> print(alphav14)

 Krippendorff's alpha 

 alpha coders units   level
     1      2    26 nominal

 Bootstrapped alpha
 Alpha Std. Error 2.5 % 97.5 % Boot. technique Bootstraps
     1          0     1      1    Krippendorff      20000
     1          0     1      1   nonparametric       1000

 P(alpha > alpha_min):
 alpha_min krippendorff nonparametric
      0.90            1             1
      0.80            1             1
      0.70            1             1
      0.67            1             1
      0.60            1             1
      0.50            1             1